[   0.000]Inialing cgroup subsys cpuset
[    0.000] Intializing cgroup subsys cpu
[    0.000000] Initializing cgroup subsys cpuacct
[    0.000000] Linux version 4.4.0-116-generic (buildd@lgw01-amd64-021) (gcc version 5.4.0 20160609 (Ubuntu 5.4.0-6ubuntu1~16.04.9) ) #140-Ubuntu SMP Mon Feb 12 21:23:04 UTC 2018 (Ubuntu 4.4.0-116.140-generic 4.4.98)
[    0.000000] Command line: BOOT_IMAGE=/boot/vmlinuz-4.4.0-116-generic root=LABEL=cloudimg-ootfs ro console=tty1 console=ttyS0
[    0.000000] KERNEL supported cpus:
[    0.000000]   Intel GenuineIntel
[    0.000000]   AMD AuthenticAMD
[    0.000000]   Centaur CentaurHauls
[    0.000000] x86/fpu: xstate_offset[2]:  576, xstate_sizes[2]:  256
[    0.000000] x86/fpu: Supporting XSAVE feature 0x01: 'x87 floating point registers'
[    0.000000] x86/fpu: Supporting XSAVE feature 0x02: 'SSE registers'
[    0.000000] x86/fpu: Supporting XSAVE feature 0x04: 'AVX registers'
[    0.000000] x86/fpu: Enabled xstate features 0x7, context size is 832 bytes, using 'standard' format.
[    0.000000] x86/fpu: Using 'lazy' FPU context switches.
[    0.000000] e820: BIOS-provided physical RAM map:
[    0.000000] BIOS-e820: [mem 0x0000000000000000-0x000000000009fbff] usable
[    0.000000] BIOS-e820: [mem 0x000000000009fc00-0x000000000009ffff] reserved
[    0.0000] BS-e0: [m 00000000f000-0x0000000000fffff] reserved
[    0.000000] BIOS-e820: [mem 0x0000000000100000-0x000000003ffeffff] usable
[    0.000000] BIOS-e820: [mem 0x000000003fff0000-0x000000003fffffff] ACPI data
[    0.000000] BIOS-e820: [mem 0x00000000fec00000-0x00000000fec00fff] reserved
[    0.000000] BIOS-e820: [mem 0x00000000fee00000-0x00000000fee00fff] reserved
[    0.000000] BIOS-e820: [mem 0x00000000fffc0000-0x00000000ffffffff] reserved
[    0.000000] NX (Execute Disable) protection: active
[    0.000000] SMBIOS 2.5 present.
[    0.000000] Hypervisor detected: KVM
[    0.000000] e820: last_pfn = 0x3fff0 max_arch_pfn = 0x400000000
[    0.000000] MTRR: Disabled
[    0.000000] x86/PAT: MTRRs disabled, skipping PAT initialization too.
[    0.000000] CPU MTRRs all blank - virtualizd ystem
[  0.0000x86/P: nfiguration [0-7]: WB  WT  UC- UC  WB  WT  UC- UC  
[    0.000000] found SMP MP-table at [mem 0x0009fff0-0x0009ff]appe a[fff880009ff0]
[    0.000000] Scanning 1 areas for low memory corruption
[    0.000000] RAMDISK: [mem 0x36ac2000-0x37558fff]
[    0.000000] ACPI: Early table checksum verification disabled
[    0.000000] ACPI: RSDP 0x00000000000E0000 000024 (v02 VBOX  )
[    0.000000] ACPI: XSDT 0x000000003FFF0030 00003C (v01 VBOX   VBOXXSDT 00000001 ASL  00000061)
[    0.000000] ACPI: FACP 0x000000003FFF00F0 0000F4 (v04 VBOX   VBOXFACP 00000001 ASL  00000061)
[    0.000000] ACPI: DSDT 0x000000003FFF0470 0021FF (v02 VBOX   VBOXBIOS 00000002 INTL 20100528)
[    0.000000] ACPI: FACS 0x000000003FFF0200 000040
[    0.000000] ACPI: FACS 0x000000003FFF0200 000040
[    0.000000] ACPI: APIC 0x000000003FFF0240 00005C (v02 VBOX   VBOXAPIC 00000001 ASL  00000061)
[    0.000000] ACPI: SSDT 0x000000003FFF02A0 0001CC (v01 VBOX   VBOXCPUT 00000002 INTL 20100528)
[    0.000000] No NUMA configuration found
[    0.000000] Faking a node at [mem 0x0000000000000000-0x00000ffeffff]
[    0.000000] NODE_DATA(0) allocated [mem 0x3ffeb000-0x3ffeffff]
[    0.000000] kvm-clock: Using msrs 4b564d01 and 4b564d00
[    0.000000] kvm-clock: cpu 0, msr 0:3ffe3001, primary cpu clock
[    0.000000] kvm-clock: using sched offset of 3483883727 cycles
[    0.000000] clocksource: kvm-clock: mask: 0xffffffffffffffff max_cycles: 0x1cd42e4dffb, max_idle_ns: 881590591483 ns
[    0.000000] Zone ranges:
[    0.000000]   DMA      [mem 0x0000000000001000-0x0000000000ffffff]
[    0.000000]   DMA32    [mem 0x0000000001000000-0x000000003ffeffff]
[    0.000000]   Normal   empty
[    0.000000]   Device   empty
[    0.000000] Movable zone start for each node
[    0.000000] Early memory node ranges
[    0.000000]   node   0: [mem 0x0000000000001000-0x000000000009efff]
[    0.000000]   node   0: [mem 0x0000000000100000-0x000000003ffeffff]
[    0.000000] Initmem setup node 0 [mem 0x0000000000001000-0x000000003ffeffff]
[    0.000000] ACPI: PM-Timer IO Port: 0x4008
[    0.000000] IOAPIC[0]: apic_id 2, version 32, address 0xfec00000, GSI 0-23
[    0.000000] ACPI: INT_SRC_OVR (bus 0 bus_irq 0 global_irq 2 dfl dfl)
[    0.000000] ACPI: INT_SRC_OVR (bus 0 bus_irq 9 global_irq 9 low level)
[    0.000000] Using ACPI (MADT) for SMP configuration information
[    0.000000] smpboot: Allowing 2 CPUs, 0 hotplug CPUs
[    0.000000] PM: Registered nosave memory: [mem 0x00000000-0x00000fff]
[    0.000000] PM: Registered nosave memory: [mem 0x0009f000-0x0009ffff]
[    0.000000] PM: Registered nosave memory: [mem 0x000a0000-0x000effff]
[     0.0000] P: giterenove mor [me 00000000x0ffff
[  0.0000e820:me0x40000-0xfebfffff] available for PCI devices
[    0.000000] Booting paravirtualized kernel on KVM
[    0.000000] clocksource: refined-jiffies: mask: 0xffffffff max_cycles: 0xffffffff, max_idle_ns: 7645519600211568 ns
[    0.000000] setup_percpu: NR_CPUS:512 nr_cpumask_bits:512 nr_cpu_ids:2 nr_node_ids:1
[    0.000000] PERCPU: Embedded 34 pages/cpu @ffff88003fc00000 s99544 r8192 d31528 u1048576
[    0.000000] PV qspinlok hh table entries: 256 (order: 0, 4096 bytes)
[    0.000000] Built 1 zonelists in Node order, mobility grouping on.  Total pages: 257913
[    0.000000] Policy zone: MA32
[    0.000000] Kernel command line: BOOT_IMAGE=/boot/vmlinuz-4.4.0-116-generic root=LABEL=cloudimg-rootfs ro console=tty1 console=ttyS0
[    0.000000] PID hash table entries: 4096 (order: 3, 327 bytes)
[    0.000000] Memory: 1001688K/1048120K available (8530K kernel code, 1309K rwdata, 3992K rodata, 1508K init, 1316K bss, 46432K reserved, 0K cma-reserved)
[    0.000000] SLUB: HWalign=64, Order=0-3, MinObjects=0, CPUs=2, Nodes=1
[    0.000000] Kernel/User page tables isolation: enabled
[    0.000000] Hierarchical RCU implementation.
[    0.000000] 	Build-time adjustment of leaf fanout to 64.
[    0.000000] 	RCU restricting CPUs from NR_CPUS=512 to nr_cpu_ids=2.
[    0.000000] RCU: Adjusting geometry for rcu_fanout_leaf=64, nr_cpu_ids=2
[    0.000000] NR_IRQS:33024 nr_irqs:440 16
[    0.000000] Console: colour VGA+ 80x25
[    0.000000] console [tty1] enabled
[    0.000000] console [ttyS0] enabled
[    0.000000] tsc: Detected 3500.040 MHz processor
[    1.564172] Calibrating delay loop (skipped) preset value.. 7000.08 BogoMIPS (lpj=14000160)
[    1.565653] pid_max: default: 32768 minimum: 301
[    1.566854] ACPI: Core revision 20150930
[    1.568424] ACPI: 2 ACPI AML tables successfully acquired and loaded
[    1.569563] Security Framework initialized
[    1.570295] Yama: becoming mindful.
[    1.570960] AppArmor: AppArmor initialized
[    1.571782] Dentry cache hash table entries: 131072 (order: 8, 1048576 bytes)
[    1.575784] Inode-cache hash table entries: 65536 (order: 7, 524288 bytes)
[    1.583340] Mount-cache hash table entries: 2048 (order: 2, 16384 bytes)
[    1.589996] Mountpoint-cache hash table entries: 2048 (order: 2, 16384 bytes)
[    1.597226] Initializing cgroup subsys io
[    1.678051] Initializing cgroup subsys memory
[    1.761900] Initializing cgroup subsys devices
[    1.806571] Initializing cgroup subsys freezer
[    1.808985] Initializing cgroup subsys net_cls
[    1.809766] Initializing cgroup subsys perf_event
[    1.810580] Initializing cgroup subsys net_prio
[    1.811383] Initializing cgroup subsys hugetlb
[    1.812155] Initializing cgroup subsys pids
[    1.812969] CPU: Physical Processor ID: 0
[    1.813688] CPU: Processor Core ID: 0
[    1.814372] FEATURE SPEC_CTRL Not Present
[    1.815112] mce: CPU supports 0 MCE banks
[    1.815844] Last level iTLB entries: 4KB 512, 2MB 8, 4MB 8
[    1.823285] Last level dTLB entries: 4KB 512, 2MB 32, 4MB 32, 1GB 0
[    1.826198] Spectre V2 mitigation: Mitigation: Full generic retpoline
[    1.827401] Spectre V2 mitigation: Speculation control IBPB not-supported IBRS not-supported
[    1.830580] Freeing SMP alternatives memory: 32K
[    1.839270] ftrace: allocating 32186 entries in 126 pages
[    1.923538] smpboot: APIC(0) Converting physical 0 to logical package 0
[    1.978177] smpboot: Max logical packages: 1
[    1.979465] x2apic enabled
[    1.980401] Switched APIC routing to physical x2apic.
[    1.982551] ..TIMER: vector=0x30 apic1=0 pin1=2 apic2=-1 pin2=-1
[    2.091809] smpboot: CPU0: Intel(R) Core(TM) i3-3250 CPU @ 3.50GHz (family: 0x6, model: 0x3a, stepping: 0x9)
[    2.098243] Performance Events: unsupported p6 CPU model 58 no PMU driver, software events only.
[    2.099856] KVM setup paravirtual spinlock
[    2.101218] x86: Booting SMP configuration:
[    2.101962] .... node  #0, CPUs:      #1
[    2.102813] kvm-clock: cpu 1, msr 0:3ffe3041, secondary cpu clock
[    2.103810] mce: CPU supports 0 MCE banks
[    2.106440] x86: Booted up 1 node, 2 CPUs
[    2.107470] smpboot: Total of 2 processors activated (14000.16 BogoMIPS)
[    2.108826] devtmpfs: initialized
[    2.110904] evm: security.selinux
[    2.111540] evm: security.SMACK64
[    2.112189] evm: security.SMACK64EXEC
[    2.112873] evm: security.SMACK64TRANSMUTE
[    2.113599] evm: security.SMACK64MMAP
[    2.114336] evm: security.ima
[    2.114928] evm: security.capability
[    2.115765] clocksource: jiffies: mask: 0xffffffff max_cycles: 0xffffffff, max_idle_ns: 7645041785100000 ns
[    2.117594] futex hash table entries: 512 (order: 3, 32768 bytes)
[    2.118661] pinctrl core: initialized pinctrl subsystem
[    2.119636] RTC time: 12:24:12, date: 04/03/18
[    2.120525] NET: Registered protocol family 16
[    2.133812] cpuidle: using governor ladder
[    2.145803] cpuidle: using governor menu
[    2.146951] PCCT header not found.
[    2.147664] ACPI: bus type PCI registered
[    2.148389] acpiphp: ACPI Hot Plug PCI Controller Driver version: 0.5
[    2.190263] PCI: Using configuration type 1 for base access
[    2.210945] ACPI: Added _OSI(Module Device)
[    2.255851] ACPI: Added _OSI(Processor Device)
[    2.257074] ACPI: Added _OSI(3.0 _SCP Extensions)
[    2.258055] ACPI: Added _OSI(Processor Aggregator Device)
[    2.259822] ACPI: Executed 1 blocks of module-level executable AML code
[    2.264176] ACPI: Interpreter enabled
[    2.264881] ACPI: (supports S0 S5)
[    2.265552] ACPI: Using IOAPIC for interrupt routing
[    2.266538] PCI: Using host bridge windows from ACPI; if necessary, use "pci=nocrs" and report a bug
[    2.299221] ACPI: PCI Root Bridge [PCI0] (domain 0000 [bus 00-ff])
[    2.302246] acpi PNP0A03:00: _OSC: OS supports [ASPM ClockPM Segments MSI]
[    2.326249] acpi PNP0A03:00: _OSC: not requesting OS control; OS requires [ExtendedConfig ASPM ClockPM MSI]
[    2.335426] acpi PNP0A03:00: fail to add MMCONFIG information, can't access extended PCI configuration space under this bridge.
[    2.343854] PCI host bridge to bus 0000:00
[    2.344581] pci_bus 0000:00: root bus resource [io  0x0000-0x0cf7 window]
[    2.351914] pci_bus 0000:00: root bus resource [io  0x0d00-0xffff window]
[    2.359479] pci_bus 0000:00: root bus resource [mem 0x000a0000-0x000bffff window]
[    2.361466] pci_bus 0000:00: root bus resource [mem 0x40000000-0xfdffffff window]
[    2.390468] pci_bus 0000:00: root bus resource [bus 00-ff]
[    2.411797] pci 0000:00:01.1: legacy IDE quirk: reg 0x10: [io  0x01f0-0x01f7]
[    2.437153] pci 0000:00:01.1: legacy IDE quirk: reg 0x14: [io  0x03f6]
[    2.439696] pci 0000:00:01.1: legacy IDE quirk: reg 0x18: [io  0x0170-0x0177]
[    2.460002] pci 0000:00:01.1: legacy IDE quirk: reg 0x1c: [io  0x0376]
[    2.484317] pci 0000:00:07.0: quirk: [io  0x4000-0x403f] claimed by PIIX4 ACPI
[    2.503454] pci 0000:00:07.0: quirk: [io  0x4100-0x410f] claimed by PIIX4 SMB
[    2.510226] ACPI: PCI Interrupt Link [LNKA] (IRQs 5 9 10 *11)
[    2.533166] ACPI: PCI Interrupt Link [LNKB] (IRQs 5 9 *10 11)
[    2.534560] ACPI: PCI Interrupt Link [LNKC] (IRQs 5 *9 10 11)
[    2.535926] ACPI: PCI Interrupt Link [LNKD] (IRQs 5 9 10 *11)
[    2.553237] ACPI: Enabled 2 GPEs in block 00 to 07
[    2.560925] vgaarb: setting as boot device: PCI:0000:00:02.0
[    2.571772] vgaarb: device added: PCI:0000:00:02.0,decodes=io+mem,owns=io+mem,locks=none
[    2.573205] vgaarb: loaded
[    2.573816] vgaarb: bridge control possible 0000:00:02.0
[    2.574918] SCSI subsystem initialized
[    2.575691] ACPI: bus type USB registered
[    2.576834] usbcore: registered new interface driver usbfs
[    2.583196] usbcore: registered new interface driver hub
[    2.584098] usbcore: registered new device driver usb
[    2.590884] PCI: Using ACPI for IRQ routing
[    2.598360] NetLabel: Initializing
[    2.631298] NetLabel:  domain hash size = 128
[    2.632063] NetLabel:  protocols = UNLABELED CIPSOv4
[    2.632929] NetLabel:  unlabeled traffic allowed by default
[    2.633976] amd_nb: Cannot enumerate AMD northbridges
[    2.634851] clocksource: Switched to clocksource kvm-clock
[    .625] pprm: ppmoFilesystem Enabled
[   9586] pnp: PnP ACPI init
[   .0524] pnp: PnP PI fnd dic
[  316181clksrc: pim:as 0fff x_cl: ffff max_idle_ns: 2085701024 ns
[    4.188020] NET: Registered protocol family 2

[    4.189197] TCP established hash table entries: 8192 (order: 4, 65536 bytes)
[    4.190912] TCP bind hash table entries: 8192 (order: 5, 131072 bytes)
[    4.192407] TCP: Hash tables configured (established 8192 bind 8192)
[    4.193939] UDP hash table entries: 512 (order: 2, 16384 bytes)
[    4.195349] UDP-Lite hash table entries: 512 (order: 2, 16384 bytes)
[    4.197153] NET: Registered protocol family 1
[    4.198259] pci 0000:00:00.0: Limiting direct PCI/PCI transfers
[    4.199646] pci 0000:00:01.0: Activating ISA DMA hang workarounds
[    4.201201] Unpacking initramfs...
[    5.881338] Freeing initrd memory: 10844K
[    5.895442] RAPL PMU detected, API unit is 2^-32 Joules, 3 fixed counters 10737418240 ms ovfl timer
[    5.897250] hw unit of domain pp0-core 2^-0 Joules
[    5.898071] hw unit of domain package 2^-0 Joules
[    5.898899] hw unit of domain pp1-gpu 2^-0 Joules
[    5.923143] platform rtc_cmos: registered platform RTC device (no PNP device found)
[    5.941510] Scanning for low memory corruption every 60 seconds
[    5.942972] audit: initializing netlink subsys (disabled)
[    5.960074] audit: type=2000 audit(1522758259.233:1): initialized
[    5.961302] Initialise system trusted keyring
[    5.962226] HugeTLB registered 2 MB page size, pre-allocated 0 pages
[    5.965941] zbud: loaded
[    5.967154] VFS: Disk quotas dquot_6.6.0
[    5.977303] VFS: Dquot-cache hash table entries: 512 (order 0, 4096 bytes)
[    5.978600] squashfs: version 4.0 (2009/01/31) Phillip Lougher
[    5.979854] fuse init (API version 7.23)
[    5.980746] Key type big_key registered
[    5.981453] Allocating IMA MOK and blacklist keyrings.
[    5.983443] Key type asymmetric registered
[    5.984179] Asymmetric key parser 'x509' registered
[    5.985026] Block layer SCSI generic (bsg) driver version 0.4 loaded (major 249)
[    5.986436] io scheduler noop registered
[    5.987261] io scheduler deadline registered (default)
[    5.998015] io scheduler cfq registered
[    5.998804] pci_hotplug: PCI Hot Plug PCI Core version: 0.5
[    6.006995] pciehp: PCI Express Hot Plug Controller Driver version: 0.4
[    6.014145] ACPI: AC Adapter [AC] (on-line)
[    6.014936] input: Power Button as /devices/LNXSYSTM:00/LNXPWRBN:00/input/input0
[    6.022509] ACPI: Power Button [PWRF]
[    6.044730] input: Sleep Button as /devices/LNXSYSTM:00/LNXSLPBN:00/input/input1
[    6.054470] ACPI: Sleep Button [SLPF]
[    6.056371] GHES: HEST is not enabled!
[    6.091323] Serial: 8250/16550 driver, 32 ports, IRQ sharing enabled
[    6.130885] 00:02: ttyS0 at I/O 0x3f8 (irq = 4, base_baud = 115200) is a 16550A
[    6.156215] Linux agpgart interface v0.103
[    6.158712] loop: module loaded
[    6.170339] scsi host0: ata_piix
[    6.171127] scsi host1: ata_piix
[    6.183788] ata1: PATA max UDMA/33 cmd 0x1f0 ctl 0x3f6 bmdma 0xd000 irq 14
[    6.184880] ata2: PATA max UDMA/33 cmd 0x170 ctl 0x376 bmdma 0xd008 irq 15
[    6.186050] libphy: Fixed MDIO Bus: probed
[    6.200625] tun: Universal TUN/TAP device driver, 1.6
[    6.208087] tun: (C) 1999-2004 Max Krasnyansky <maxk@qualcomm.com>
[    6.209225] PPP generic driver version 2.4.2
[    6.220077] ehci_hcd: USB 2.0 'Enhanced' Host Controller (EHCI) Driver
[    6.221126] ehci-pci: EHCI PCI platform driver
[    6.221904] ehci-platform: EHCI generic platform driver
[    6.229282] ohci_hcd: USB 1.1 'Open' Host Controller (OHCI) Driver
[    6.230288] ohci-pci: OHCI PCI platform driver
[    6.231120] ohci-platform: OHCI generic platform driver
[    6.232010] uhci_hcd: USB Universal Host Controller Interface driver
[    6.259980] i8042: PNP: PS/2 Controller [PNP0303:PS2K,PNP0f03:PS2M] at 0x60,0x64 irq 1,12
[    6.261818] serio: i8042 KBD port at 0x60,0x64 irq 1
[    6.284847] serio: i8042 AUX port at 0x60,0x64 irq 12
[    6.314452] mousedev: PS/2 mouse device common for all mice
[    6.316403] input: AT Translated Set 2 keyboard as /devices/platform/i8042/serio0/input/input2
[    6.319525] rtc_cmos rtc_cmos: rtc core: registered rtc_cmos as rtc0
[    6.324375] rtc_cmos rtc_cmos: alarms up to one day, 114 bytes nvram
[    6.325787] i2c /dev entries driver
[    6.327042] device-mapper: uevent: version 1.0.3
[    6.328341] device-mapper: ioctl: 4.34.0-ioctl (2015-10-28) initialised: dm-devel@redhat.com
[    6.330292] ledtrig-cpu: registered to indicate activity on CPUs
[    6.332378] NET: Registered protocol family 10
[    6.333765] NET: Registered protocol family 17
[    6.334914] Key type dns_resolver registered
[    6.336413] microcode: CPU0 sig=0x306a9, pf=0x2, revision=0x19
[    6.338303] microcode: CPU1 sig=0x306a9, pf=0x2, revision=0x19
[    6.362674] microcode: Microcode Update Driver: v2.01 <tigran@aivazian.fsnet.co.uk>, Peter Oruba
[    6.380275] registered taskstats version 1
[    6.391503] Loading compiled-in X.509 certificates
[    6.393205] Loaded X.509 cert 'Build time autogenerated kernel key: aa84f01984fbd529c105810b59e379d349698248'
[    6.428029] zswap: loaded using pool lzo/zbud
[    6.430575] Key type trusted registered
[    6.440429] Key type encrypted registered
[    6.449506] AppArmor: AppArmor sha1 policy hashing enabled
[    6.450413] ima: No TPM chip found, activating TPM-bypass!
[    6.451396] evm: HMAC attrs: 0x1
[    6.452293]   Magic number: 14:856:429
[    6.453064] rtc_cmos rtc_cmos: setting system clock to 2018-04-03 12:24:16 UTC (1522758256)
[    6.454600] BIOS EDD facility v0.16 2004-Jun-25, 0 devices found
[    6.455645] EDD information not available.
[    6.457831] Freeing unused kernel memory: 1508K
[    6.465494] Write protecting the kernel read-only data: 14336k
[    6.466844] Freeing unused kernel memory: 1700K
[    6.467859] Freeing unused kernel memory: 104K
Loading, please wait...
[    6.480527] random: systemd-udevd: uninitialized urandom read (16 bytes read, 2 bits of entropy available)
starting version 229
[    6.481080] random: udevadm: uninitialized urandom read (16 bytes read, 2 bits of entropy available)
[    6.481100] random: udevadm: uninitialized urandom read (16 bytes read, 2 bits of entropy available)
[    6.491989] random: udevadm: uninitialized urandom read (16 bytes read, 2 bits of entropy available)
[    6.492034] random: udevadm: uninitialized urandom read (16 bytes read, 2 bits of entropy available)
[    6.492193] random: udevadm: uninitialized urandom read (16 bytes read, 2 bits of entropy available)
[    6.492252] random: udevadm: uninitialized urandom read (16 bytes read, 2 bits of entropy available)
[    6.492328] random: udevadm: uninitialized urandom read (16 bytes read, 2 bits of entropy available)
[    6.492389] random: udevadm: uninitialized urandom read (16 bytes read, 2 bits of entropy available)
[    6.492448] random: udevadm: uninitialized urandom read (16 bytes read, 2 bits of entropy available)
[    6.586460] Fusion MPT base driver 3.04.20
[    6.592534] Copyright (c) 1999-2008 LSI Corporation
[    6.598869] e1000: Intel(R) PRO/1000 Network Driver - version 7.3.21-k8-NAPI
[    6.615575] e1000: Copyright (c) 1999-2006 Intel Corporation.
[    6.633275] Fusion MPT SPI Host driver 3.04.20
[    6.832207] input: ImExPS/2 Generic Explorer Mouse as /devices/platform/i8042/serio1/input/input4
[    6.925917] tsc: Refined TSC clocksource calibration: 3498.815 MHz
[    6.949894] clocksource: tsc: mask: 0xffffffffffffffff max_cycles: 0x326ef179861, max_idle_ns: 440795302622 ns
[    7.071732] e1000 0000:00:03.0 eth0: (PCI:33MHz:32-bit) 02:b2:c2:84:5d:d0
[    7.087276] e1000 0000:00:03.0 eth0: Intel(R) PRO/1000 Network Connection
[    7.189730] mptbase: ioc0: Initiating bringup
[    7.292584] e1000 0000:00:03.0 enp0s3: renamed from eth0
[    7.437156] ioc0: LSI53C1030 A0: Capabilities={Initiator}
[    7.861569] scsi host2: ioc0: LSI53C1030 A0, FwRev=00000000h, Ports=1, MaxQ=256, IRQ=20
[    8.004194] scsi 2:0:0:0: Direct-Access     VBOX     HARDDISK         1.0  PQ: 0 ANSI: 5
[    8.082320] scsi target2:0:0: Beginning Domain Validation
[    8.149399] scsi target2:0:0: Domain Validation skipping write tests
[    8.151485] scsi target2:0:0: Ending Domain Validation
[    8.161052] scsi target2:0:0: asynchronous
[    8.162344] scsi 2:0:1:0: Direct-Access     VBOX     HARDDISK         1.0  PQ: 0 ANSI: 5
[    8.163779] scsi target2:0:1: Beginning Domain Validation
[    8.165845] scsi target2:0:1: Domain Validation skipping write tests
[    8.172082] scsi target2:0:1: Ending Domain Validation
[    8.173009] scsi target2:0:1: asynchronous
[    8.184142] sd 2:0:0:0: Attached scsi generic sg0 type 0
[    8.186820] sd 2:0:0:0: [sda] 20971520 512-byte logical blocks: (10.7 GB/10.0 GiB)
[    8.244701] sd 2:0:0:0: [sda] Write Protect is off
[    8.244707] sd 2:0:1:0: [sdb] 20480 512-byte logical blocks: (10.5 MB/10.0 MiB)
[    8.244722] sd 2:0:1:0: Attached scsi generic sg1 type 0
[    8.267020] sd 2:0:0:0: [sda] Incomplete mode parameter data
[    8.267029] sd 2:0:1:0: [sdb] Write Protect is off
[    8.269843] sd 2:0:0:0: [sda] Assuming drive cache: write through
[    8.269856] sd 2:0:1:0: [sdb] Incomplete mode parameter data
[    8.269857] sd 2:0:1:0: [sdb] Assuming drive cache: write through
[    8.392863]  sda: sda1
[    8.516855] sd 2:0:0:0: [sda] Attached SCSI disk
[    8.534505] sd 2:0:1:0: [sdb] Attached SCSI disk
[    9.619272] floppy0: no floppy controllers found
Begin: Loading e[   10.970679] md: linear personality registered for level -1
ssential drivers[   11.108563] md: multipath personality registered for level -4
 ... [   11.211970] md: raid0 personality registered for level 0
[   11.219923] md: raid1 personality registered for level 1
[   11.290890] raid6: sse2x1   gen()  9185 MB/s
[   11.362898] raid6: sse2x1   xor()  7487 MB/s
[   11.451056] raid6: sse2x2   gen() 11467 MB/s
[   11.522916] raid6: sse2x2   xor()  8130 MB/s
[   11.595422] raid6: sse2x4   gen() 13580 MB/s
[   11.670928] raid6: sse2x4   xor()  9760 MB/s
[   11.710061] raid6: using algorithm sse2x4 gen() 13580 MB/s
[   11.717860] raid6: .... xor() 9760 MB/s, rmw enabled
[   11.718700] raid6: using ssse3x2 recovery algorithm
[   11.720866] xor: automatically using best checksumming function:
[   11.814953]    avx       : 66130.000 MB/sec
[   11.820489] async_tx: api initialized (async)
[   11.870897] md: raid6 personality registered for level 6
[   11.885767] md: raid5 personality registered for level 5
[   11.886897] md: raid4 personality registered for level 4
[   11.893167] md: raid10 personality registered for level 10
done.
Begin: Running /scripts/init-premount ... done.
Begin: Mounting root file system ... Begin: Running /scripts/local-top ... done.
Begin: Running /scripts/local-premount ... [   11.933709] Btrfs loaded
Scanning for Btrfs filesystems
done.
Warning: fsck not present, so skipping root file system
[   12.026393] EXT4-fs (sda1): mounted filesystem with ordered data mode. Opts: (null)
done.
Begin: Running /scripts/local-bottom ... done.
Begin: Running /scripts/init-bottom ... done.
[   12.664875] systemd[1]: systemd 229 running in system mode. (+PAM +AUDIT +SELINUX +IMA +APPARMOR +SMACK +SYSVINI +MPLIRYPTSETUP +GCRYPT +GNUTLS +ACL +XZ -LZ4 +SECCOMP +BLKID +ELFUTILS +KMOD -IDN)
[   12.829157] systemd[1]: Detected virtualization oracle.
[   12.831918] systemd[1]: Detected architecture x86-64.

Welcome to [1mUbuntu 16.04.4 LTS[0m!

[ 12.872019] systemd[1]: Set hostname to <ubuntu-xenial>.

[ 13.015553] rando: nbocking pool is initialized
[ 1408334] systemd[1]: Listening on udev Control Socket.
[[0;32m  OK  [0m] Listening on udev Control Socket.
[   14.107992] systemd[1]: Listening on Syslog Socket.
[[0;32m  OK  [0m] Listening on Syslog Socket.
[   14.119668] systemd[1]: Listening on Journal Audit Socket.
[[0;32m  OK  [0m] Listening on Journal Audit Socket.
[   14.122103] systemd[1]: Created slice User and Session Slice.
[[0;32m  OK  [0m] Created slice User and Session Slice.
[  14.44711sysemd[1]: Listening on Journal Socket.

[[0;32m  OK  [0m] Listening on Journal Socket.
[   14.600381] systemd[1]: Set up automount Arbitrary Executable File Formats File System Automount Point.
[[0;32m  OK  [0m] Set up automount Arbitrary Executab...ats File System Automount Point.
[   14.603569] systemd[1]: Listening on Device-mapper event daemon FIFOs.
[[0;32m  OK  [0m] Listening on Device-mapper event daemon FIFOs.
[   14.605974] systemd[1]: Started Forward Password Requests to Wall Directory Watch.
[[0;32m  OK  [0m] Started Forward Password Requests to Wall Directory Watch.
[   14.615167] systemd[1]: Reached target System Time Synchronized.
[[0;32m  OK  [0m] Reached target System Time Synchronized.
[   14.866752] systemd[1]: Listening on /dev/initctl Compatibility Named Pipe.
[[0;32m  OK  [0m] Listening on /dev/initctl Compatibility Named Pipe.
[   14.873917] systemd[1]: Listening on LVM2 poll daemon socket.
[[0;32m  OK  [0m] Listening on LVM2 poll daemon socket.
[   14.881256] systemd[1]: Started Trigger resolvconf update for networkd DNS.
[[0;32m  OK  [0m] Started Trigger resolvconf update for networkd DNS.
[   15.012982] systemd[1]: Listening onLV2 metadata daemon socket.
[[0;32m  OK  [0m] Listening on LVM2 metadata daemon socket.
[  11280syem1]Liening on udev Kernel Socket.
[[0;32m  OK  [0m] Listening on udev Kernel Socket.
[   15.492428] systemd[1]: Listening on Journal Socket (/dev/log).
[[0;32m  OK  [0m] Listening on Journal Socket (/dev/log).
[   15.495537] systemd[1]: Created slice System Slice.
[[0;32m  OK  [0m] Created slice System Slice.
[   15.599206] systemd[1]: Starting Nameserver information manager...
         Starting Nameserver information manager...
[   15.723742] systemd[1]: Starting Journal Service...
         Starting Journal Service...
[   15.773269] systemd[1]: Starting Remount Root and Kernel File Systems...
         Starting Remount[   15.804525] EXT4-fs (sda1): re-mounted. Opts: (null)
 Root and Kernel File Systems...
[   15.96852]ysmd[1]: Create sicsyemeral2dttsle.
[[0;32m  OK  [0m] Created slice system-serial\x2dgetty.slice.
[   16.571336] systemd[1]: Starting Uncomplicated firewall...
         Starting Uncomplicated firewall...
[   16.639840] systemd[1]: Starting Load Kernel Modules...
         Starting Load Kernel Modules...
[   16.699302] Loading iSCSI transport class v2.0-870.
[   16.781167] iscsi: registered transport (tcp)
[   16.880358] systemd[1]: Starting Monitoring of LVM2 mirrors, snapshots etc. using dmeventd or progress polling...
         Starting Monitoring of LVM2 mirrors... dmeventd or progress poll[   16.961272] iscsi: registered transport (iser)
ing...
[   17.063335] systemd[1]: Starting Create list of required static device nodes for the current kernel...
         Starting Create list of required st... nodes for the current kernel...
[   17.168547] systemd[1]: Reached target Slices.
[[0;32m  OK  [0m] Reached target Slices.
[   17.173271] systemd[1]: Mounting POSIX Message Queue File System...
         Mounting POSIX Message Queue File System...
[   17.199848] systemd[1]: Starting Set console keymap...
         Starting Set console keymap...
[   17.232902] systemd[1]: Created slice system-postgresql.slice.
[[0;32m  OK  [0m] Created slice system-postgresql.slice.
[   17.247266] systemd[1]: Mounting Huge Pages File System...
         Mounting Huge Pages File System...
[   17.264363] systemd[1]: Reached target Encrypted Volumes.
[[0;32m  OK  [0m] Reached target Encrypted Volumes.
[   17.267541] systemd[1]: Mounting Debug File System...
         Mounting Debug File System...
[   17.345899] systemd[1]: Reached target User and Group Name Lookups.
[[0;32m  OK  [0m] Reached target User and Group Name Lookups.
[   17.384176] systemd[1]: Mounted Debug File System.
[[0;32m  OK  [0m] Mounted Debug File System.
[   17.441882] systemd[1]: Mounted POSIX Message Queue File System.
[[0;32m  OK  [0m] Mounted POSIX Message Queue File System.
[   17.504022] systemd[1]: Mounted Huge Pages File System.
[[0;32m  OK  [0m] Mounted Huge Pages File System.
[   17.604235] systemd[1]: Started Journal Service.
[[0;32m  OK  [0m] Started Journal Service.
[[0;32m  OK  [0m] Started Remount Root and Kernel File Systems.
[[0;32m  OK  [0m] Started Uncomplicated firewall.
[[0;32m  OK  [0m] Started Load Kernel Modules.
[[0;32m  OK  [0m] Started Create list of required sta...ce nodes for the current kernel.
[[0;32m  OK  [0m] Started Set console keymap.
[[0;32m  OK  [0m] Started Nameserver information manager.
[[0;32m  OK  [0m] Started LVM2 metadata daemon.
         Starting Create Static Device Nodes in /dev...
         Mounting FUSE Control File System...
         Starting Apply Kernel Variables...
         Starting Initial cloud-init job (pre-networking)...
         Activating swap /swapfile...
         Starting udev Coldplug all Devices...
         Starting Load/Save Random Seed...
         Starting Flush Journal to Persistent Storage...
[[0;32m  OK  [0m] Mounted FUSE Control File System.
[[0;32m  OK  [0m] Activated swap /swapfile.
[[0;32m  OK  [0m] Started Create Static Device Nodes in /dev.
[[0;32m  OK  [0m] Started Apply Kernel Variables.
[[0;32m  OK  [0m] Started Load/Save Random Seed.
[[0;32m  OK  [0m] Started udev Coldplug all Devices.
[[0;32m  OK  [0m] Started Monitoring of LVM2 mirrors,...ng dmeventd or progress polling.
[[0;32m  OK  [0m] Started Flush Journal to Persistent Storage.
         Starting udev Kernel Device Manager...
[[0;32m  OK  [0m] Reached target Swap.
[[0;32m  OK  [0m] Started udev Kernel Device Manager.
[[0;32m  OK  [0m] Started Dispatch Password Requests to Console Directory Watch.
[[0;32m  OK  [0m] Reached target Local File Systems (Pre).
[[0;32m  OK  [0m] Reached target Local File Systems.
         Starting Set console font and keymap...
         Starting LSB: AppArmor initialization...
         Starting Tell Plymouth To Write Out Runtime Data...
         Starting Create Volatile Files and Directories...
[[0;32m  OK  [0m] Found device /dev/ttyS0.
[[0;32m  OK  [0m] Started Tell Plymouth To Write Out Runtime Data.
[[0;32m  OK  [0m] Started Create Volatile Files and Directories.
         Starting Update UTMP about System Boot/Shutdown...
[[0;32m  OK  [0m] Started Set console font and keymap.
[[0;32m  OK  [0m] Created slice system-getty.slice.
[[0;32m  OK  [0m] Started Update UTMP about System Boot/Shutdown.
[[0;32m  OK  [0m] Found device 82540EM Gigabit Ethern...r (PRO/1000 MT Desktop Adapter).
[[0;32m  OK  [0m] Listening on Load/Save RF Kill Switch Status /dev/rfkill Watch.
[[0;32m  OK  [0m] Started LSB: AppArmor initialization.
[   20.578203] cloud-init[441]: Cloud-init v. 17.2 running 'init-local' at Tue, 03 Apr 2018 12:24:32 +0000. Up 20.08 seconds.
[[0;32m  OK  [0m] Started Initial cloud-init job (pre-networking).
[[0;32m  OK  [0m] Reached target Network (Pre).
         Starting Raise network interfaces...
[[0;32m  OK  [0m] Started ifup for enp0s3.
[[0;32m  OK  [0m] Started Raise network interfaces.
         Starting Initial cloud-init job (metadata service crawler)...
[[0;32m  OK  [0m] Reached target Network.
[   22.031973] cloud-init[968]: Cloud-init v. 17.2 running 'init' at Tue, 03 Apr 2018 12:24:33 +0000. Up 21.48 seconds.
[   22.193366] [cloud-init[0;32m  OK  [0m[968]: ] ci-info: +++++++++++++++++++++++++++++++++++++Net device info++++++++++++++++++++++++++++++++++++++Started Initial cloud-init job (metadata service crawler).

[   22.194427] cloud-init[968]: ci-info: +--------+------+----------------------------+---------------+-------+-------------------+
[   22.461892] cloud-init[968]: ci-info: | Device |  Up  |          Address           |      Mask     | Scope |     Hw-Address    |
[   22.467888] cloud-init[968]: ci-info: +--------+------+----------------------------+---------------+-------+-------------------+
[   22.474392] cloud-init[968]: ci-info: | enp0s3 | True |         10.0.2.15          | 255.255.255.0 |   .   | 02:b2:c2:84:5d:d0 |[[0;32m  OK  [0m] Reached target System Initialization.

[   22.488539] cloud-init[968]: ci-info: | enp0s3 | True | fe80::b2:c2ff:fe84:5dd0/64 |       .       |  link | 02:b2:c2:84:5d:d0 |
[   22.500041] cloud-init[968]: ci-info: |   lo   | True |         127.0.0.1          |   255.0.0.0   |   .   |         .         |
[   22.589300] [cloud-init[0;32m  OK  [0m[968]: ] ci-info: |   lo   | True |          ::1/128           |       .       |  host |         .         |Started Daily apt download activities.

[[0;32m  OK  [0m] Started Daily apt upgrade and clean activities.
[[0;32m  OK  [0m] Listening on D-Bus System Message Bus Socket.
[[0;32m  OK  [0m] Listening on UUID daemon activation socket.
[   22.590363] cloud-init[968]: ci-info: +--------+------+----------------------------+---------------+-------+-------------------+
[   23.039427] cloud-init[968]: ci-info: +++++++++++++++++++++++++++Route IPv4 info++++++++++++++++++++++++++++
         Starting LXD - unix socket.
[   23.040418]          cloud-initStarting Socket activation for snappy daemon.[968]: 
ci-info: +-------+-------------+----------+---------------+-----------+-------+
[   23.354331] [cloud-init[0;32m  OK  [0m[968]: ] ci-info: | Route | Destination | Gateway  |    Genmask    | Interface | Flags |Started Daily Cleanup of Temporary Directories.

[[0;32m  OK  [0m] Listening on ACPID Listen Socket.
[   23.355269] cloud-init[968]: ci-info: +-------+-------------+----------+---------------+-----------+-------+
[   23.550189] cloud-init[968]: ci-info: |   0   |   0.0.0.0   | 10.0.2.2 |    0.0.0.0    |   enp0s3  |   UG  |
[   23.555669] cloud-init[968]: ci-info: |   1   |   10.0.2.0  | 0.0.0.0  | 255.255.255.0 |   enp0s3  |   U   |
[   23.560964] cloud-init[968]: ci-info: +-------+-------------+----------+---------------+-----------+-------+
[[0;32m  OK  [0m] Started Clean PHP session files every 30 mins.
[[0;32m  OK  [0m] Started Timer to automatically refresh installed snaps.
[[0;32m  OK  [0m] Reached target Timers.
[[0;32m  OK  [0m] Started ACPI Events Check.
[[0;32m  OK  [0m] Reached target Paths.
[[0;32m  OK  [0m] Reached target Network is Online.
         Starting iSCSI initiator daemon (iscsid)...
[[0;32m  OK  [0m] Reached target Cloud-config availability.
[[0;32m  OK  [0m] Listening on LXD - unix socket.
[[0;32m  OK  [0m] Listening on Socket activation for snappy daemon.
[[0;32m  OK  [0m] Reached target Sockets.
[[0;32m  OK  [0m] Reached target Basic System.
[[0;32m  OK  [0m] Started ACPI event daemon.
         Starting vboxadd.service...
         Starting System Logging Service...
         Starting Login Service...
         Starting A high performance web server and a reverse proxy server...
[[0;32m  OK  [0m] Started Unattended Upgrades Shutdown.
         Starting /etc/rc.local Compatibility...
         Starting LXD - container startup/shutdown...
         Starting Apply the settings specified in cloud-config...
         Starting Clean php session files...
         Starting The PHP 7.0 FastCGI Process Manager...
[[0;32m  OK  [0m] Started D-Bus System Message Bus.
[   25.170305] cloud-init[1048]: Cloud-init v. 17.2 running 'modules:config' at Tue, 03 Apr 2018 12:24:37 +0000. Up 24.94 seconds.
         Starting Accounts Service...
         Starting PostgreSQL Cluster 9.5-main...
         Starting Pollinate to seed the pseudo random number generator...
[[0;32m  OK  [0m] Started Regular background program processing daemon.
[[0;32m  OK  [0m] Started Deferred execution scheduler.
         Starting LSB: MD monitoring daemon...
         Starting LSB: Record successful boot for GRUB...
[[0;32m  OK  [0m] Started FUSE filesystem for LXC.
         Starting Snappy daemon...
[[0;32m  OK  [0m] Started System Logging Service.
[[0;32m  OK  [0m] Started iSCSI initiator daemon (iscsid).
[[0;32m  OK  [0m] Started vboxadd.service.
[[0;32m  OK  [0m] Started /etc/rc.local Compatibility.
[[0;32m  OK  [0m] Started Apply the settings specified in cloud-config.
[[0;32m  OK  [0m] Started Login Service.
         Starting vboxadd-service.service...
         Starting Login to default iSCSI targets...
[[0;32m  OK  [0m] Started Login to default iSCSI targets.
[[0;32m  OK  [0m] Started vboxadd-service.service.
[[0;32m  OK  [0m] Reached target Remote File Systems (Pre).
[[0;32m  OK  [0m] Reached target Remote File Systems.
         Starting LSB: automatic crash report generation...
         Starting LSB: Start and stop the mysql database server daemon...
         Starting Permit User Sessions...
         Starting LSB: Set the CPU Frequency Scaling governor to "ondemand"...
         Starting LSB: daemon to balance interrupts for SMP systems...
         Starting LSB: VirtualBox Linux Additions...
         Starting LSB: Start/stop sysstat's sadc...
[[0;32m  OK  [0m] Started LSB: MD monitoring daemon.
[[0;32m  OK  [0m] Started Permit User Sessions.
         Starting Hold until boot process finishes up...
         Starting Terminate Plymouth Boot Screen...
[[0;32m  OK  [0m] Started LSB: Record successful boot for GRUB.
[[0;32m  OK  [0m] Started LSB: Set the CPU Frequency Scaling governor to "ondemand".
[[0;32m  OK  [0m] Started Hold until boot process finishes up.
[[0;32m  OK  [0m] Started Terminate Plymouth Boot Screen.
[[0;32m  OK  [0m] Started LSB: daemon to balance interrupts for SMP systems.
[[0;32m  OK  [0m] Started LSB: automatic crash report generation.
[[0;32m  OK  [0m] Started LSB: Start/stop sysstat's sadc.
[[0;32m  OK  [0m] Started Serial Getty on ttyS0.
         Starting Set console scheme...
[[0;32m  OK  [0m] Started Getty on tty1.
[[0;32m  OK  [0m] Reached target Login Prompts.
[[0;32m  OK  [0m] Started Set console scheme.
         Starting Authenticate and Authorize Users to Run Privileged Tasks...
[[0;32m  OK  [0m] Started LSB: VirtualBox Linux Additions.
[[0;32m  OK  [0m] Started Authenticate and Authorize Users to Run Privileged Tasks.
[[0;32m  OK  [0m] Started Accounts Service.
[[0;32m  OK  [0m] Started A high performance web server and a reverse proxy server.
[[0;32m  OK  [0m] Started LXD - container startup/shutdown.
[[0;32m  OK  [0m] Started Snappy daemon.
[[0;32m  OK  [0m] Started The PHP 7.0 FastCGI Process Manager.
[[0;32m  OK  [0m] Started Clean php session files.
[[0;32m  OK  [0m] Started LSB: Start and stop the mysql database server daemon.

Ubuntu 16.04.4 LTS ubuntu-xenial ttyS0

ubuntu-xenial login: [   38.287460] cloud-init[1705]: Cloud-init v. 17.2 running 'modules:final' at Tue, 03 Apr 2018 12:24:50 +0000. Up 38.14 seconds.
[   38.288467] cloud-init[1705]: Cloud-init v. 17.2 finished at Tue, 03 Apr 2018 12:24:50 +0000. Datasource DataSourceNoCloud [seed=/dev/sdb][dsmode=net].  Up 38.27 seconds
